[ 33%] Built target simple_publisher
[ 50%] [32mBuilding CXX object CMakeFiles/simple_param.dir/src/simple_param.cpp.o[0m
[ 83%] Built target simple_subscriber
[100%] [32m[1mLinking CXX executable simple_param[0m
[100%] Built target simple_param
-- Install configuration: ""
-- Up-to-date: /home/drwise/arduino_ws/install/arduino_cpp_examples/lib/arduino_cpp_examples/simple_publisher
-- Up-to-date: /home/drwise/arduino_ws/install/arduino_cpp_examples/lib/arduino_cpp_examples/simple_subscriber
-- Installing: /home/drwise/arduino_ws/install/arduino_cpp_examples/lib/arduino_cpp_examples/simple_param
-- Set non-toolchain portion of runtime path of "/home/drwise/arduino_ws/install/arduino_cpp_examples/lib/arduino_cpp_examples/simple_param" to ""
-- Installing: /home/drwise/arduino_ws/install/arduino_cpp_examples/share/ament_index/resource_index/package_run_dependencies/arduino_cpp_examples
-- Installing: /home/drwise/arduino_ws/install/arduino_cpp_examples/share/ament_index/resource_index/parent_prefix_path/arduino_cpp_examples
-- Up-to-date: /home/drwise/arduino_ws/install/arduino_cpp_examples/share/arduino_cpp_examples/environment/ament_prefix_path.sh
-- Up-to-date: /home/drwise/arduino_ws/install/arduino_cpp_examples/share/arduino_cpp_examples/environment/ament_prefix_path.dsv
-- Up-to-date: /home/drwise/arduino_ws/install/arduino_cpp_examples/share/arduino_cpp_examples/environment/path.sh
-- Up-to-date: /home/drwise/arduino_ws/install/arduino_cpp_examples/share/arduino_cpp_examples/environment/path.dsv
-- Up-to-date: /home/drwise/arduino_ws/install/arduino_cpp_examples/share/arduino_cpp_examples/local_setup.bash
-- Up-to-date: /home/drwise/arduino_ws/install/arduino_cpp_examples/share/arduino_cpp_examples/local_setup.sh
-- Up-to-date: /home/drwise/arduino_ws/install/arduino_cpp_examples/share/arduino_cpp_examples/local_setup.zsh
-- Up-to-date: /home/drwise/arduino_ws/install/arduino_cpp_examples/share/arduino_cpp_examples/local_setup.dsv
-- Installing: /home/drwise/arduino_ws/install/arduino_cpp_examples/share/arduino_cpp_examples/package.dsv
-- Up-to-date: /home/drwise/arduino_ws/install/arduino_cpp_examples/share/ament_index/resource_index/packages/arduino_cpp_examples
-- Up-to-date: /home/drwise/arduino_ws/install/arduino_cpp_examples/share/arduino_cpp_examples/cmake/arduino_cpp_examplesConfig.cmake
-- Up-to-date: /home/drwise/arduino_ws/install/arduino_cpp_examples/share/arduino_cpp_examples/cmake/arduino_cpp_examplesConfig-version.cmake
-- Installing: /home/drwise/arduino_ws/install/arduino_cpp_examples/share/arduino_cpp_examples/package.xml
