[0.073s] DEBUG:colcon:Command line arguments: ['/usr/bin/colcon', 'build']
[0.073s] DEBUG:colcon:Parsed command line arguments: Namespace(log_base=None, log_level=None, verb_name='build', build_base='build', install_base='install', merge_install=False, symlink_install=False, test_result_base=None, continue_on_error=False, executor='parallel', parallel_workers=12, event_handlers=None, ignore_user_meta=False, metas=['./colcon.meta'], base_paths=['.'], packages_ignore=None, packages_ignore_regex=None, paths=None, packages_up_to=None, packages_up_to_regex=None, packages_above=None, packages_above_and_dependencies=None, packages_above_depth=None, packages_select_by_dep=None, packages_skip_by_dep=None, packages_skip_up_to=None, packages_select_build_failed=False, packages_skip_build_finished=False, packages_select_test_failures=False, packages_skip_test_passed=False, packages_select=None, packages_skip=None, packages_select_regex=None, packages_skip_regex=None, packages_start=None, packages_end=None, allow_overriding=[], cmake_args=None, cmake_target=None, cmake_target_skip_unavailable=False, cmake_clean_cache=False, cmake_clean_first=False, cmake_force_configure=False, ament_cmake_args=None, catkin_cmake_args=None, catkin_skip_building_tests=False, mixin_files=None, mixin=None, verb_parser=<colcon_mixin.mixin.mixin_argument.MixinArgumentDecorator object at 0x7a8df409c650>, verb_extension=<colcon_core.verb.build.BuildVerb object at 0x7a8df409c350>, main=<bound method BuildVerb.main of <colcon_core.verb.build.BuildVerb object at 0x7a8df409c350>>, mixin_verb=('build',))
[0.102s] Level 1:colcon.colcon_core.package_discovery:discover_packages(colcon_meta) check parameters
[0.102s] Level 1:colcon.colcon_core.package_discovery:discover_packages(recursive) check parameters
[0.102s] Level 1:colcon.colcon_core.package_discovery:discover_packages(ignore) check parameters
[0.103s] Level 1:colcon.colcon_core.package_discovery:discover_packages(path) check parameters
[0.103s] Level 1:colcon.colcon_core.package_discovery:discover_packages(colcon_meta) discover
[0.103s] Level 1:colcon.colcon_core.package_discovery:discover_packages(recursive) discover
[0.103s] INFO:colcon.colcon_core.package_discovery:Crawling recursively for packages in '/home/drwise/arduino_ws'
[0.103s] Level 1:colcon.colcon_core.package_identification:_identify(.) by extensions ['ignore', 'ignore_ament_install']
[0.103s] Level 1:colcon.colcon_core.package_identification:_identify(.) by extension 'ignore'
[0.103s] Level 1:colcon.colcon_core.package_identification:_identify(.) by extension 'ignore_ament_install'
[0.103s] Level 1:colcon.colcon_core.package_identification:_identify(.) by extensions ['colcon_pkg']
[0.103s] Level 1:colcon.colcon_core.package_identification:_identify(.) by extension 'colcon_pkg'
[0.103s] Level 1:colcon.colcon_core.package_identification:_identify(.) by extensions ['colcon_meta']
[0.103s] Level 1:colcon.colcon_core.package_identification:_identify(.) by extension 'colcon_meta'
[0.103s] Level 1:colcon.colcon_core.package_identification:_identify(.) by extensions ['ros']
[0.103s] Level 1:colcon.colcon_core.package_identification:_identify(.) by extension 'ros'
[0.122s] Level 1:colcon.colcon_core.package_identification:_identify(.) by extensions ['cmake', 'python']
[0.122s] Level 1:colcon.colcon_core.package_identification:_identify(.) by extension 'cmake'
[0.122s] Level 1:colcon.colcon_core.package_identification:_identify(.) by extension 'python'
[0.122s] Level 1:colcon.colcon_core.package_identification:_identify(.) by extensions ['python_setup_py']
[0.122s] Level 1:colcon.colcon_core.package_identification:_identify(.) by extension 'python_setup_py'
[0.122s] Level 1:colcon.colcon_core.package_identification:_identify(build) by extensions ['ignore', 'ignore_ament_install']
[0.122s] Level 1:colcon.colcon_core.package_identification:_identify(build) by extension 'ignore'
[0.122s] Level 1:colcon.colcon_core.package_identification:_identify(build) ignored
[0.122s] Level 1:colcon.colcon_core.package_identification:_identify(install) by extensions ['ignore', 'ignore_ament_install']
[0.122s] Level 1:colcon.colcon_core.package_identification:_identify(install) by extension 'ignore'
[0.122s] Level 1:colcon.colcon_core.package_identification:_identify(install) ignored
[0.122s] Level 1:colcon.colcon_core.package_identification:_identify(log) by extensions ['ignore', 'ignore_ament_install']
[0.122s] Level 1:colcon.colcon_core.package_identification:_identify(log) by extension 'ignore'
[0.122s] Level 1:colcon.colcon_core.package_identification:_identify(log) ignored
[0.122s] Level 1:colcon.colcon_core.package_identification:_identify(src) by extensions ['ignore', 'ignore_ament_install']
[0.123s] Level 1:colcon.colcon_core.package_identification:_identify(src) by extension 'ignore'
[0.123s] Level 1:colcon.colcon_core.package_identification:_identify(src) by extension 'ignore_ament_install'
[0.123s] Level 1:colcon.colcon_core.package_identification:_identify(src) by extensions ['colcon_pkg']
[0.123s] Level 1:colcon.colcon_core.package_identification:_identify(src) by extension 'colcon_pkg'
[0.123s] Level 1:colcon.colcon_core.package_identification:_identify(src) by extensions ['colcon_meta']
[0.123s] Level 1:colcon.colcon_core.package_identification:_identify(src) by extension 'colcon_meta'
[0.123s] Level 1:colcon.colcon_core.package_identification:_identify(src) by extensions ['ros']
[0.123s] Level 1:colcon.colcon_core.package_identification:_identify(src) by extension 'ros'
[0.123s] Level 1:colcon.colcon_core.package_identification:_identify(src) by extensions ['cmake', 'python']
[0.123s] Level 1:colcon.colcon_core.package_identification:_identify(src) by extension 'cmake'
[0.123s] Level 1:colcon.colcon_core.package_identification:_identify(src) by extension 'python'
[0.123s] Level 1:colcon.colcon_core.package_identification:_identify(src) by extensions ['python_setup_py']
[0.123s] Level 1:colcon.colcon_core.package_identification:_identify(src) by extension 'python_setup_py'
[0.123s] Level 1:colcon.colcon_core.package_identification:_identify(src/arduino_cpp_examples) by extensions ['ignore', 'ignore_ament_install']
[0.123s] Level 1:colcon.colcon_core.package_identification:_identify(src/arduino_cpp_examples) by extension 'ignore'
[0.123s] Level 1:colcon.colcon_core.package_identification:_identify(src/arduino_cpp_examples) by extension 'ignore_ament_install'
[0.123s] Level 1:colcon.colcon_core.package_identification:_identify(src/arduino_cpp_examples) by extensions ['colcon_pkg']
[0.123s] Level 1:colcon.colcon_core.package_identification:_identify(src/arduino_cpp_examples) by extension 'colcon_pkg'
[0.123s] Level 1:colcon.colcon_core.package_identification:_identify(src/arduino_cpp_examples) by extensions ['colcon_meta']
[0.123s] Level 1:colcon.colcon_core.package_identification:_identify(src/arduino_cpp_examples) by extension 'colcon_meta'
[0.123s] Level 1:colcon.colcon_core.package_identification:_identify(src/arduino_cpp_examples) by extensions ['ros']
[0.123s] Level 1:colcon.colcon_core.package_identification:_identify(src/arduino_cpp_examples) by extension 'ros'
[0.125s] DEBUG:colcon.colcon_core.package_identification:Package 'src/arduino_cpp_examples' with type 'ros.ament_cmake' and name 'arduino_cpp_examples'
[0.125s] Level 1:colcon.colcon_core.package_identification:_identify(src/arduino_description) by extensions ['ignore', 'ignore_ament_install']
[0.125s] Level 1:colcon.colcon_core.package_identification:_identify(src/arduino_description) by extension 'ignore'
[0.125s] Level 1:colcon.colcon_core.package_identification:_identify(src/arduino_description) by extension 'ignore_ament_install'
[0.125s] Level 1:colcon.colcon_core.package_identification:_identify(src/arduino_description) by extensions ['colcon_pkg']
[0.125s] Level 1:colcon.colcon_core.package_identification:_identify(src/arduino_description) by extension 'colcon_pkg'
[0.125s] Level 1:colcon.colcon_core.package_identification:_identify(src/arduino_description) by extensions ['colcon_meta']
[0.125s] Level 1:colcon.colcon_core.package_identification:_identify(src/arduino_description) by extension 'colcon_meta'
[0.125s] Level 1:colcon.colcon_core.package_identification:_identify(src/arduino_description) by extensions ['ros']
[0.125s] Level 1:colcon.colcon_core.package_identification:_identify(src/arduino_description) by extension 'ros'
[0.125s] DEBUG:colcon.colcon_core.package_identification:Package 'src/arduino_description' with type 'ros.ament_cmake' and name 'arduino_description'
[0.126s] Level 1:colcon.colcon_core.package_identification:_identify(src/arduino_py_examples) by extensions ['ignore', 'ignore_ament_install']
[0.126s] Level 1:colcon.colcon_core.package_identification:_identify(src/arduino_py_examples) by extension 'ignore'
[0.126s] Level 1:colcon.colcon_core.package_identification:_identify(src/arduino_py_examples) by extension 'ignore_ament_install'
[0.126s] Level 1:colcon.colcon_core.package_identification:_identify(src/arduino_py_examples) by extensions ['colcon_pkg']
[0.126s] Level 1:colcon.colcon_core.package_identification:_identify(src/arduino_py_examples) by extension 'colcon_pkg'
[0.126s] Level 1:colcon.colcon_core.package_identification:_identify(src/arduino_py_examples) by extensions ['colcon_meta']
[0.126s] Level 1:colcon.colcon_core.package_identification:_identify(src/arduino_py_examples) by extension 'colcon_meta'
[0.126s] Level 1:colcon.colcon_core.package_identification:_identify(src/arduino_py_examples) by extensions ['ros']
[0.126s] Level 1:colcon.colcon_core.package_identification:_identify(src/arduino_py_examples) by extension 'ros'
[0.126s] DEBUG:colcon.colcon_core.package_identification:Package 'src/arduino_py_examples' with type 'ros.ament_python' and name 'arduino_py_examples'
[0.126s] Level 1:colcon.colcon_core.package_discovery:discover_packages(recursive) using defaults
[0.126s] Level 1:colcon.colcon_core.package_discovery:discover_packages(ignore) discover
[0.126s] Level 1:colcon.colcon_core.package_discovery:discover_packages(ignore) using defaults
[0.126s] Level 1:colcon.colcon_core.package_discovery:discover_packages(path) discover
[0.126s] Level 1:colcon.colcon_core.package_discovery:discover_packages(path) using defaults
[0.141s] Level 1:colcon.colcon_core.package_discovery:discover_packages(prefix_path) check parameters
[0.141s] Level 1:colcon.colcon_core.package_discovery:discover_packages(prefix_path) discover
[0.142s] DEBUG:colcon.colcon_installed_package_information.package_discovery:Found 3 installed packages in /home/drwise/arduino_ws/install
[0.144s] DEBUG:colcon.colcon_installed_package_information.package_discovery:Found 409 installed packages in /opt/ros/jazzy
[0.145s] Level 1:colcon.colcon_core.package_discovery:discover_packages(prefix_path) using defaults
[0.181s] Level 5:colcon.colcon_core.verb:set package 'arduino_cpp_examples' build argument 'cmake_args' from command line to 'None'
[0.181s] Level 5:colcon.colcon_core.verb:set package 'arduino_cpp_examples' build argument 'cmake_target' from command line to 'None'
[0.181s] Level 5:colcon.colcon_core.verb:set package 'arduino_cpp_examples' build argument 'cmake_target_skip_unavailable' from command line to 'False'
[0.181s] Level 5:colcon.colcon_core.verb:set package 'arduino_cpp_examples' build argument 'cmake_clean_cache' from command line to 'False'
[0.181s] Level 5:colcon.colcon_core.verb:set package 'arduino_cpp_examples' build argument 'cmake_clean_first' from command line to 'False'
[0.181s] Level 5:colcon.colcon_core.verb:set package 'arduino_cpp_examples' build argument 'cmake_force_configure' from command line to 'False'
[0.181s] Level 5:colcon.colcon_core.verb:set package 'arduino_cpp_examples' build argument 'ament_cmake_args' from command line to 'None'
[0.181s] Level 5:colcon.colcon_core.verb:set package 'arduino_cpp_examples' build argument 'catkin_cmake_args' from command line to 'None'
[0.181s] Level 5:colcon.colcon_core.verb:set package 'arduino_cpp_examples' build argument 'catkin_skip_building_tests' from command line to 'False'
[0.181s] DEBUG:colcon.colcon_core.verb:Building package 'arduino_cpp_examples' with the following arguments: {'ament_cmake_args': None, 'build_base': '/home/drwise/arduino_ws/build/arduino_cpp_examples', 'catkin_cmake_args': None, 'catkin_skip_building_tests': False, 'cmake_args': None, 'cmake_clean_cache': False, 'cmake_clean_first': False, 'cmake_force_configure': False, 'cmake_target': None, 'cmake_target_skip_unavailable': False, 'install_base': '/home/drwise/arduino_ws/install/arduino_cpp_examples', 'merge_install': False, 'path': '/home/drwise/arduino_ws/src/arduino_cpp_examples', 'symlink_install': False, 'test_result_base': None}
[0.181s] Level 5:colcon.colcon_core.verb:set package 'arduino_description' build argument 'cmake_args' from command line to 'None'
[0.182s] Level 5:colcon.colcon_core.verb:set package 'arduino_description' build argument 'cmake_target' from command line to 'None'
[0.182s] Level 5:colcon.colcon_core.verb:set package 'arduino_description' build argument 'cmake_target_skip_unavailable' from command line to 'False'
[0.182s] Level 5:colcon.colcon_core.verb:set package 'arduino_description' build argument 'cmake_clean_cache' from command line to 'False'
[0.182s] Level 5:colcon.colcon_core.verb:set package 'arduino_description' build argument 'cmake_clean_first' from command line to 'False'
[0.182s] Level 5:colcon.colcon_core.verb:set package 'arduino_description' build argument 'cmake_force_configure' from command line to 'False'
[0.182s] Level 5:colcon.colcon_core.verb:set package 'arduino_description' build argument 'ament_cmake_args' from command line to 'None'
[0.182s] Level 5:colcon.colcon_core.verb:set package 'arduino_description' build argument 'catkin_cmake_args' from command line to 'None'
[0.182s] Level 5:colcon.colcon_core.verb:set package 'arduino_description' build argument 'catkin_skip_building_tests' from command line to 'False'
[0.182s] DEBUG:colcon.colcon_core.verb:Building package 'arduino_description' with the following arguments: {'ament_cmake_args': None, 'build_base': '/home/drwise/arduino_ws/build/arduino_description', 'catkin_cmake_args': None, 'catkin_skip_building_tests': False, 'cmake_args': None, 'cmake_clean_cache': False, 'cmake_clean_first': False, 'cmake_force_configure': False, 'cmake_target': None, 'cmake_target_skip_unavailable': False, 'install_base': '/home/drwise/arduino_ws/install/arduino_description', 'merge_install': False, 'path': '/home/drwise/arduino_ws/src/arduino_description', 'symlink_install': False, 'test_result_base': None}
[0.182s] Level 5:colcon.colcon_core.verb:set package 'arduino_py_examples' build argument 'cmake_args' from command line to 'None'
[0.182s] Level 5:colcon.colcon_core.verb:set package 'arduino_py_examples' build argument 'cmake_target' from command line to 'None'
[0.182s] Level 5:colcon.colcon_core.verb:set package 'arduino_py_examples' build argument 'cmake_target_skip_unavailable' from command line to 'False'
[0.182s] Level 5:colcon.colcon_core.verb:set package 'arduino_py_examples' build argument 'cmake_clean_cache' from command line to 'False'
[0.182s] Level 5:colcon.colcon_core.verb:set package 'arduino_py_examples' build argument 'cmake_clean_first' from command line to 'False'
[0.182s] Level 5:colcon.colcon_core.verb:set package 'arduino_py_examples' build argument 'cmake_force_configure' from command line to 'False'
[0.182s] Level 5:colcon.colcon_core.verb:set package 'arduino_py_examples' build argument 'ament_cmake_args' from command line to 'None'
[0.182s] Level 5:colcon.colcon_core.verb:set package 'arduino_py_examples' build argument 'catkin_cmake_args' from command line to 'None'
[0.182s] Level 5:colcon.colcon_core.verb:set package 'arduino_py_examples' build argument 'catkin_skip_building_tests' from command line to 'False'
[0.182s] DEBUG:colcon.colcon_core.verb:Building package 'arduino_py_examples' with the following arguments: {'ament_cmake_args': None, 'build_base': '/home/drwise/arduino_ws/build/arduino_py_examples', 'catkin_cmake_args': None, 'catkin_skip_building_tests': False, 'cmake_args': None, 'cmake_clean_cache': False, 'cmake_clean_first': False, 'cmake_force_configure': False, 'cmake_target': None, 'cmake_target_skip_unavailable': False, 'install_base': '/home/drwise/arduino_ws/install/arduino_py_examples', 'merge_install': False, 'path': '/home/drwise/arduino_ws/src/arduino_py_examples', 'symlink_install': False, 'test_result_base': None}
[0.182s] INFO:colcon.colcon_core.executor:Executing jobs using 'parallel' executor
[0.183s] DEBUG:colcon.colcon_parallel_executor.executor.parallel:run_until_complete
[0.183s] INFO:colcon.colcon_ros.task.ament_cmake.build:Building ROS package in '/home/drwise/arduino_ws/src/arduino_cpp_examples' with build type 'ament_cmake'
[0.184s] INFO:colcon.colcon_cmake.task.cmake.build:Building CMake package in '/home/drwise/arduino_ws/src/arduino_cpp_examples'
[0.186s] INFO:colcon.colcon_core.plugin_system:Skipping extension 'colcon_core.shell.bat': Not used on non-Windows systems
[0.186s] INFO:colcon.colcon_core.shell:Skip shell extension 'powershell' for command environment: Not usable outside of PowerShell
[0.186s] DEBUG:colcon.colcon_core.shell:Skip shell extension 'dsv' for command environment
[0.189s] INFO:colcon.colcon_ros.task.ament_cmake.build:Building ROS package in '/home/drwise/arduino_ws/src/arduino_description' with build type 'ament_cmake'
[0.189s] INFO:colcon.colcon_cmake.task.cmake.build:Building CMake package in '/home/drwise/arduino_ws/src/arduino_description'
[0.189s] INFO:colcon.colcon_core.shell:Skip shell extension 'powershell' for command environment: Not usable outside of PowerShell
[0.189s] DEBUG:colcon.colcon_core.shell:Skip shell extension 'dsv' for command environment
[0.193s] INFO:colcon.colcon_ros.task.ament_python.build:Building ROS package in '/home/drwise/arduino_ws/src/arduino_py_examples' with build type 'ament_python'
[0.193s] Level 1:colcon.colcon_core.shell:create_environment_hook('arduino_py_examples', 'ament_prefix_path')
[0.193s] INFO:colcon.colcon_core.shell:Creating environment hook '/home/drwise/arduino_ws/install/arduino_py_examples/share/arduino_py_examples/hook/ament_prefix_path.ps1'
[0.194s] INFO:colcon.colcon_core.shell:Creating environment descriptor '/home/drwise/arduino_ws/install/arduino_py_examples/share/arduino_py_examples/hook/ament_prefix_path.dsv'
[0.195s] INFO:colcon.colcon_core.shell:Creating environment hook '/home/drwise/arduino_ws/install/arduino_py_examples/share/arduino_py_examples/hook/ament_prefix_path.sh'
[0.195s] INFO:colcon.colcon_core.shell:Skip shell extension 'powershell' for command environment: Not usable outside of PowerShell
[0.196s] DEBUG:colcon.colcon_core.shell:Skip shell extension 'dsv' for command environment
[0.211s] DEBUG:colcon.colcon_core.event_handler.log_command:Invoking command in '/home/drwise/arduino_ws/build/arduino_cpp_examples': CMAKE_PREFIX_PATH=${CMAKE_PREFIX_PATH}:/home/drwise/arduino_ws/install/arduino_py_examples:/opt/ros/jazzy DEBUGINFOD_URLS=https://debuginfod.ubuntu.com /usr/bin/cmake --build /home/drwise/arduino_ws/build/arduino_cpp_examples -- -j12 -l12
[0.215s] DEBUG:colcon.colcon_core.event_handler.log_command:Invoking command in '/home/drwise/arduino_ws/build/arduino_description': CMAKE_PREFIX_PATH=${CMAKE_PREFIX_PATH}:/home/drwise/arduino_ws/install/arduino_py_examples:/opt/ros/jazzy DEBUGINFOD_URLS=https://debuginfod.ubuntu.com /usr/bin/cmake --build /home/drwise/arduino_ws/build/arduino_description -- -j12 -l12
[0.468s] INFO:colcon.colcon_core.task.python.build:Building Python package in '/home/drwise/arduino_ws/src/arduino_py_examples'
[0.468s] INFO:colcon.colcon_core.shell:Skip shell extension 'powershell' for command environment: Not usable outside of PowerShell
[0.468s] DEBUG:colcon.colcon_core.shell:Skip shell extension 'dsv' for command environment
[0.475s] DEBUG:colcon.colcon_core.event_handler.log_command:Invoked command in '/home/drwise/arduino_ws/build/arduino_description' returned '0': CMAKE_PREFIX_PATH=${CMAKE_PREFIX_PATH}:/home/drwise/arduino_ws/install/arduino_py_examples:/opt/ros/jazzy DEBUGINFOD_URLS=https://debuginfod.ubuntu.com /usr/bin/cmake --build /home/drwise/arduino_ws/build/arduino_description -- -j12 -l12
[0.490s] DEBUG:colcon.colcon_core.event_handler.log_command:Invoking command in '/home/drwise/arduino_ws/build/arduino_description': CMAKE_PREFIX_PATH=${CMAKE_PREFIX_PATH}:/home/drwise/arduino_ws/install/arduino_py_examples:/opt/ros/jazzy DEBUGINFOD_URLS=https://debuginfod.ubuntu.com /usr/bin/cmake --install /home/drwise/arduino_ws/build/arduino_description
[0.493s] DEBUG:colcon.colcon_core.event_handler.log_command:Invoked command in '/home/drwise/arduino_ws/build/arduino_cpp_examples' returned '0': CMAKE_PREFIX_PATH=${CMAKE_PREFIX_PATH}:/home/drwise/arduino_ws/install/arduino_py_examples:/opt/ros/jazzy DEBUGINFOD_URLS=https://debuginfod.ubuntu.com /usr/bin/cmake --build /home/drwise/arduino_ws/build/arduino_cpp_examples -- -j12 -l12
[0.496s] DEBUG:colcon.colcon_core.event_handler.log_command:Invoking command in '/home/drwise/arduino_ws/build/arduino_cpp_examples': CMAKE_PREFIX_PATH=${CMAKE_PREFIX_PATH}:/home/drwise/arduino_ws/install/arduino_py_examples:/opt/ros/jazzy DEBUGINFOD_URLS=https://debuginfod.ubuntu.com /usr/bin/cmake --install /home/drwise/arduino_ws/build/arduino_cpp_examples
[0.518s] Level 1:colcon.colcon_core.environment:create_environment_scripts_only(arduino_cpp_examples)
[0.533s] DEBUG:colcon.colcon_core.event_handler.log_command:Invoked command in '/home/drwise/arduino_ws/build/arduino_cpp_examples' returned '0': CMAKE_PREFIX_PATH=${CMAKE_PREFIX_PATH}:/home/drwise/arduino_ws/install/arduino_py_examples:/opt/ros/jazzy DEBUGINFOD_URLS=https://debuginfod.ubuntu.com /usr/bin/cmake --install /home/drwise/arduino_ws/build/arduino_cpp_examples
[0.537s] Level 1:colcon.colcon_core.environment:checking '/home/drwise/arduino_ws/install/arduino_cpp_examples' for CMake module files
[0.538s] Level 1:colcon.colcon_core.environment:checking '/home/drwise/arduino_ws/install/arduino_cpp_examples' for CMake config files
[0.538s] Level 1:colcon.colcon_core.shell:create_environment_hook('arduino_cpp_examples', 'cmake_prefix_path')
[0.539s] INFO:colcon.colcon_core.shell:Creating environment hook '/home/drwise/arduino_ws/install/arduino_cpp_examples/share/arduino_cpp_examples/hook/cmake_prefix_path.ps1'
[0.540s] INFO:colcon.colcon_core.shell:Creating environment descriptor '/home/drwise/arduino_ws/install/arduino_cpp_examples/share/arduino_cpp_examples/hook/cmake_prefix_path.dsv'
[0.541s] INFO:colcon.colcon_core.shell:Creating environment hook '/home/drwise/arduino_ws/install/arduino_cpp_examples/share/arduino_cpp_examples/hook/cmake_prefix_path.sh'
[0.542s] Level 1:colcon.colcon_core.environment:checking '/home/drwise/arduino_ws/install/arduino_cpp_examples/lib'
[0.542s] Level 1:colcon.colcon_core.environment:checking '/home/drwise/arduino_ws/install/arduino_cpp_examples/bin'
[0.543s] Level 1:colcon.colcon_core.environment:checking '/home/drwise/arduino_ws/install/arduino_cpp_examples/lib/pkgconfig/arduino_cpp_examples.pc'
[0.543s] Level 1:colcon.colcon_core.environment:checking '/home/drwise/arduino_ws/install/arduino_cpp_examples/lib/python3.12/site-packages'
[0.543s] Level 1:colcon.colcon_core.environment:checking '/home/drwise/arduino_ws/install/arduino_cpp_examples/bin'
[0.544s] INFO:colcon.colcon_core.shell:Creating package script '/home/drwise/arduino_ws/install/arduino_cpp_examples/share/arduino_cpp_examples/package.ps1'
[0.545s] INFO:colcon.colcon_core.shell:Creating package descriptor '/home/drwise/arduino_ws/install/arduino_cpp_examples/share/arduino_cpp_examples/package.dsv'
[0.545s] INFO:colcon.colcon_core.shell:Creating package script '/home/drwise/arduino_ws/install/arduino_cpp_examples/share/arduino_cpp_examples/package.sh'
[0.546s] INFO:colcon.colcon_core.shell:Creating package script '/home/drwise/arduino_ws/install/arduino_cpp_examples/share/arduino_cpp_examples/package.bash'
[0.547s] INFO:colcon.colcon_core.shell:Creating package script '/home/drwise/arduino_ws/install/arduino_cpp_examples/share/arduino_cpp_examples/package.zsh'
[0.548s] Level 1:colcon.colcon_core.environment:create_file_with_runtime_dependencies(/home/drwise/arduino_ws/install/arduino_cpp_examples/share/colcon-core/packages/arduino_cpp_examples)
[0.549s] Level 1:colcon.colcon_core.environment:create_environment_scripts_only(arduino_cpp_examples)
[0.549s] Level 1:colcon.colcon_core.environment:checking '/home/drwise/arduino_ws/install/arduino_cpp_examples' for CMake module files
[0.550s] Level 1:colcon.colcon_core.environment:checking '/home/drwise/arduino_ws/install/arduino_cpp_examples' for CMake config files
[0.550s] Level 1:colcon.colcon_core.shell:create_environment_hook('arduino_cpp_examples', 'cmake_prefix_path')
[0.550s] INFO:colcon.colcon_core.shell:Creating environment hook '/home/drwise/arduino_ws/install/arduino_cpp_examples/share/arduino_cpp_examples/hook/cmake_prefix_path.ps1'
[0.551s] INFO:colcon.colcon_core.shell:Creating environment descriptor '/home/drwise/arduino_ws/install/arduino_cpp_examples/share/arduino_cpp_examples/hook/cmake_prefix_path.dsv'
[0.551s] INFO:colcon.colcon_core.shell:Creating environment hook '/home/drwise/arduino_ws/install/arduino_cpp_examples/share/arduino_cpp_examples/hook/cmake_prefix_path.sh'
[0.552s] Level 1:colcon.colcon_core.environment:checking '/home/drwise/arduino_ws/install/arduino_cpp_examples/lib'
[0.552s] Level 1:colcon.colcon_core.environment:checking '/home/drwise/arduino_ws/install/arduino_cpp_examples/bin'
[0.552s] Level 1:colcon.colcon_core.environment:checking '/home/drwise/arduino_ws/install/arduino_cpp_examples/lib/pkgconfig/arduino_cpp_examples.pc'
[0.553s] Level 1:colcon.colcon_core.environment:checking '/home/drwise/arduino_ws/install/arduino_cpp_examples/lib/python3.12/site-packages'
[0.553s] Level 1:colcon.colcon_core.environment:checking '/home/drwise/arduino_ws/install/arduino_cpp_examples/bin'
[0.553s] INFO:colcon.colcon_core.shell:Creating package script '/home/drwise/arduino_ws/install/arduino_cpp_examples/share/arduino_cpp_examples/package.ps1'
[0.554s] INFO:colcon.colcon_core.shell:Creating package descriptor '/home/drwise/arduino_ws/install/arduino_cpp_examples/share/arduino_cpp_examples/package.dsv'
[0.554s] INFO:colcon.colcon_core.shell:Creating package script '/home/drwise/arduino_ws/install/arduino_cpp_examples/share/arduino_cpp_examples/package.sh'
[0.555s] INFO:colcon.colcon_core.shell:Creating package script '/home/drwise/arduino_ws/install/arduino_cpp_examples/share/arduino_cpp_examples/package.bash'
[0.555s] INFO:colcon.colcon_core.shell:Creating package script '/home/drwise/arduino_ws/install/arduino_cpp_examples/share/arduino_cpp_examples/package.zsh'
[0.556s] Level 1:colcon.colcon_core.environment:create_file_with_runtime_dependencies(/home/drwise/arduino_ws/install/arduino_cpp_examples/share/colcon-core/packages/arduino_cpp_examples)
[0.558s] Level 1:colcon.colcon_core.environment:create_environment_scripts_only(arduino_description)
[0.558s] Level 1:colcon.colcon_core.environment:checking '/home/drwise/arduino_ws/install/arduino_description' for CMake module files
[0.559s] DEBUG:colcon.colcon_core.event_handler.log_command:Invoked command in '/home/drwise/arduino_ws/build/arduino_description' returned '0': CMAKE_PREFIX_PATH=${CMAKE_PREFIX_PATH}:/home/drwise/arduino_ws/install/arduino_py_examples:/opt/ros/jazzy DEBUGINFOD_URLS=https://debuginfod.ubuntu.com /usr/bin/cmake --install /home/drwise/arduino_ws/build/arduino_description
[0.559s] Level 1:colcon.colcon_core.environment:checking '/home/drwise/arduino_ws/install/arduino_description' for CMake config files
[0.560s] Level 1:colcon.colcon_core.shell:create_environment_hook('arduino_description', 'cmake_prefix_path')
[0.560s] INFO:colcon.colcon_core.shell:Creating environment hook '/home/drwise/arduino_ws/install/arduino_description/share/arduino_description/hook/cmake_prefix_path.ps1'
[0.561s] INFO:colcon.colcon_core.shell:Creating environment descriptor '/home/drwise/arduino_ws/install/arduino_description/share/arduino_description/hook/cmake_prefix_path.dsv'
[0.561s] INFO:colcon.colcon_core.shell:Creating environment hook '/home/drwise/arduino_ws/install/arduino_description/share/arduino_description/hook/cmake_prefix_path.sh'
[0.562s] Level 1:colcon.colcon_core.environment:checking '/home/drwise/arduino_ws/install/arduino_description/bin'
[0.563s] Level 1:colcon.colcon_core.environment:checking '/home/drwise/arduino_ws/install/arduino_description/lib/pkgconfig/arduino_description.pc'
[0.563s] Level 1:colcon.colcon_core.environment:checking '/home/drwise/arduino_ws/install/arduino_description/lib/python3.12/site-packages'
[0.564s] Level 1:colcon.colcon_core.environment:checking '/home/drwise/arduino_ws/install/arduino_description/bin'
[0.564s] INFO:colcon.colcon_core.shell:Creating package script '/home/drwise/arduino_ws/install/arduino_description/share/arduino_description/package.ps1'
[0.565s] INFO:colcon.colcon_core.shell:Creating package descriptor '/home/drwise/arduino_ws/install/arduino_description/share/arduino_description/package.dsv'
[0.566s] INFO:colcon.colcon_core.shell:Creating package script '/home/drwise/arduino_ws/install/arduino_description/share/arduino_description/package.sh'
[0.566s] INFO:colcon.colcon_core.shell:Creating package script '/home/drwise/arduino_ws/install/arduino_description/share/arduino_description/package.bash'
[0.567s] INFO:colcon.colcon_core.shell:Creating package script '/home/drwise/arduino_ws/install/arduino_description/share/arduino_description/package.zsh'
[0.567s] Level 1:colcon.colcon_core.environment:create_file_with_runtime_dependencies(/home/drwise/arduino_ws/install/arduino_description/share/colcon-core/packages/arduino_description)
[0.567s] Level 1:colcon.colcon_core.environment:create_environment_scripts_only(arduino_description)
[0.567s] Level 1:colcon.colcon_core.environment:checking '/home/drwise/arduino_ws/install/arduino_description' for CMake module files
[0.568s] Level 1:colcon.colcon_core.environment:checking '/home/drwise/arduino_ws/install/arduino_description' for CMake config files
[0.568s] Level 1:colcon.colcon_core.shell:create_environment_hook('arduino_description', 'cmake_prefix_path')
[0.568s] INFO:colcon.colcon_core.shell:Creating environment hook '/home/drwise/arduino_ws/install/arduino_description/share/arduino_description/hook/cmake_prefix_path.ps1'
[0.569s] INFO:colcon.colcon_core.shell:Creating environment descriptor '/home/drwise/arduino_ws/install/arduino_description/share/arduino_description/hook/cmake_prefix_path.dsv'
[0.569s] INFO:colcon.colcon_core.shell:Creating environment hook '/home/drwise/arduino_ws/install/arduino_description/share/arduino_description/hook/cmake_prefix_path.sh'
[0.570s] Level 1:colcon.colcon_core.environment:checking '/home/drwise/arduino_ws/install/arduino_description/bin'
[0.570s] Level 1:colcon.colcon_core.environment:checking '/home/drwise/arduino_ws/install/arduino_description/lib/pkgconfig/arduino_description.pc'
[0.570s] Level 1:colcon.colcon_core.environment:checking '/home/drwise/arduino_ws/install/arduino_description/lib/python3.12/site-packages'
[0.570s] Level 1:colcon.colcon_core.environment:checking '/home/drwise/arduino_ws/install/arduino_description/bin'
[0.570s] INFO:colcon.colcon_core.shell:Creating package script '/home/drwise/arduino_ws/install/arduino_description/share/arduino_description/package.ps1'
[0.571s] INFO:colcon.colcon_core.shell:Creating package descriptor '/home/drwise/arduino_ws/install/arduino_description/share/arduino_description/package.dsv'
[0.571s] INFO:colcon.colcon_core.shell:Creating package script '/home/drwise/arduino_ws/install/arduino_description/share/arduino_description/package.sh'
[0.572s] INFO:colcon.colcon_core.shell:Creating package script '/home/drwise/arduino_ws/install/arduino_description/share/arduino_description/package.bash'
[0.572s] INFO:colcon.colcon_core.shell:Creating package script '/home/drwise/arduino_ws/install/arduino_description/share/arduino_description/package.zsh'
[0.572s] Level 1:colcon.colcon_core.environment:create_file_with_runtime_dependencies(/home/drwise/arduino_ws/install/arduino_description/share/colcon-core/packages/arduino_description)
[1.054s] DEBUG:colcon.colcon_core.event_handler.log_command:Invoking command in '/home/drwise/arduino_ws/src/arduino_py_examples': DEBUGINFOD_URLS=https://debuginfod.ubuntu.com PYTHONPATH=/home/drwise/arduino_ws/build/arduino_py_examples/prefix_override:/usr/lib/python3/dist-packages/colcon_core/task/python/colcon_distutils_commands:/home/drwise/arduino_ws/install/arduino_py_examples/lib/python3.12/site-packages:${PYTHONPATH} /usr/bin/python3 -W ignore:setup.py install is deprecated -W ignore:easy_install command is deprecated setup.py egg_info --egg-base ../../build/arduino_py_examples build --build-base /home/drwise/arduino_ws/build/arduino_py_examples/build install --record /home/drwise/arduino_ws/build/arduino_py_examples/install.log --single-version-externally-managed install_data
[1.485s] Level 1:colcon.colcon_core.environment:checking '/home/drwise/arduino_ws/install/arduino_py_examples' for CMake module files
[1.486s] DEBUG:colcon.colcon_core.event_handler.log_command:Invoked command in '/home/drwise/arduino_ws/src/arduino_py_examples' returned '0': DEBUGINFOD_URLS=https://debuginfod.ubuntu.com PYTHONPATH=/home/drwise/arduino_ws/build/arduino_py_examples/prefix_override:/usr/lib/python3/dist-packages/colcon_core/task/python/colcon_distutils_commands:/home/drwise/arduino_ws/install/arduino_py_examples/lib/python3.12/site-packages:${PYTHONPATH} /usr/bin/python3 -W ignore:setup.py install is deprecated -W ignore:easy_install command is deprecated setup.py egg_info --egg-base ../../build/arduino_py_examples build --build-base /home/drwise/arduino_ws/build/arduino_py_examples/build install --record /home/drwise/arduino_ws/build/arduino_py_examples/install.log --single-version-externally-managed install_data
[1.486s] Level 1:colcon.colcon_core.environment:checking '/home/drwise/arduino_ws/install/arduino_py_examples' for CMake config files
[1.486s] Level 1:colcon.colcon_core.environment:checking '/home/drwise/arduino_ws/install/arduino_py_examples/lib'
[1.487s] Level 1:colcon.colcon_core.environment:checking '/home/drwise/arduino_ws/install/arduino_py_examples/bin'
[1.487s] Level 1:colcon.colcon_core.environment:checking '/home/drwise/arduino_ws/install/arduino_py_examples/lib/pkgconfig/arduino_py_examples.pc'
[1.487s] Level 1:colcon.colcon_core.environment:checking '/home/drwise/arduino_ws/install/arduino_py_examples/lib/python3.12/site-packages'
[1.487s] Level 1:colcon.colcon_core.shell:create_environment_hook('arduino_py_examples', 'pythonpath')
[1.487s] INFO:colcon.colcon_core.shell:Creating environment hook '/home/drwise/arduino_ws/install/arduino_py_examples/share/arduino_py_examples/hook/pythonpath.ps1'
[1.488s] INFO:colcon.colcon_core.shell:Creating environment descriptor '/home/drwise/arduino_ws/install/arduino_py_examples/share/arduino_py_examples/hook/pythonpath.dsv'
[1.488s] INFO:colcon.colcon_core.shell:Creating environment hook '/home/drwise/arduino_ws/install/arduino_py_examples/share/arduino_py_examples/hook/pythonpath.sh'
[1.489s] Level 1:colcon.colcon_core.environment:checking '/home/drwise/arduino_ws/install/arduino_py_examples/bin'
[1.489s] Level 1:colcon.colcon_core.environment:create_environment_scripts_only(arduino_py_examples)
[1.489s] INFO:colcon.colcon_core.shell:Creating package script '/home/drwise/arduino_ws/install/arduino_py_examples/share/arduino_py_examples/package.ps1'
[1.489s] INFO:colcon.colcon_core.shell:Creating package descriptor '/home/drwise/arduino_ws/install/arduino_py_examples/share/arduino_py_examples/package.dsv'
[1.489s] INFO:colcon.colcon_core.shell:Creating package script '/home/drwise/arduino_ws/install/arduino_py_examples/share/arduino_py_examples/package.sh'
[1.490s] INFO:colcon.colcon_core.shell:Creating package script '/home/drwise/arduino_ws/install/arduino_py_examples/share/arduino_py_examples/package.bash'
[1.490s] INFO:colcon.colcon_core.shell:Creating package script '/home/drwise/arduino_ws/install/arduino_py_examples/share/arduino_py_examples/package.zsh'
[1.490s] Level 1:colcon.colcon_core.environment:create_file_with_runtime_dependencies(/home/drwise/arduino_ws/install/arduino_py_examples/share/colcon-core/packages/arduino_py_examples)
[1.490s] DEBUG:colcon.colcon_parallel_executor.executor.parallel:closing loop
[1.491s] DEBUG:colcon.colcon_parallel_executor.executor.parallel:loop closed
[1.491s] DEBUG:colcon.colcon_parallel_executor.executor.parallel:run_until_complete finished with '0'
[1.491s] DEBUG:colcon.colcon_core.event_reactor:joining thread
[1.497s] INFO:colcon.colcon_core.plugin_system:Skipping extension 'colcon_notification.desktop_notification.terminal_notifier': Not used on non-Darwin systems
[1.497s] INFO:colcon.colcon_core.plugin_system:Skipping extension 'colcon_notification.desktop_notification.win32': Not used on non-Windows systems
[1.497s] INFO:colcon.colcon_notification.desktop_notification:Sending desktop notification using 'notify2'
[1.518s] DEBUG:colcon.colcon_core.event_reactor:joined thread
[1.518s] INFO:colcon.colcon_core.shell:Creating prefix script '/home/drwise/arduino_ws/install/local_setup.ps1'
[1.520s] INFO:colcon.colcon_core.shell:Creating prefix util module '/home/drwise/arduino_ws/install/_local_setup_util_ps1.py'
[1.521s] INFO:colcon.colcon_core.shell:Creating prefix chain script '/home/drwise/arduino_ws/install/setup.ps1'
[1.522s] INFO:colcon.colcon_core.shell:Creating prefix script '/home/drwise/arduino_ws/install/local_setup.sh'
[1.522s] INFO:colcon.colcon_core.shell:Creating prefix util module '/home/drwise/arduino_ws/install/_local_setup_util_sh.py'
[1.523s] INFO:colcon.colcon_core.shell:Creating prefix chain script '/home/drwise/arduino_ws/install/setup.sh'
[1.526s] INFO:colcon.colcon_core.shell:Creating prefix script '/home/drwise/arduino_ws/install/local_setup.bash'
[1.527s] INFO:colcon.colcon_core.shell:Creating prefix chain script '/home/drwise/arduino_ws/install/setup.bash'
[1.529s] INFO:colcon.colcon_core.shell:Creating prefix script '/home/drwise/arduino_ws/install/local_setup.zsh'
[1.529s] INFO:colcon.colcon_core.shell:Creating prefix chain script '/home/drwise/arduino_ws/install/setup.zsh'
