[0.033s] Invoking command in '/home/drwise/arduino_ws/build/arduino_cpp_examples': CMAKE_PREFIX_PATH=${CMAKE_PREFIX_PATH}:/opt/ros/jazzy DEBUGINFOD_URLS=https://debuginfod.ubuntu.com /usr/bin/cmake --build /home/drwise/arduino_ws/build/arduino_cpp_examples -- -j12 -l12
[0.243s] [ 50%] Built target simple_publisher
[0.259s] [100%] Built target simple_subscriber
[0.477s] Invoked command in '/home/drwise/arduino_ws/build/arduino_cpp_examples' returned '0': CMAKE_PREFIX_PATH=${CMAKE_PREFIX_PATH}:/opt/ros/jazzy DEBUGINFOD_URLS=https://debuginfod.ubuntu.com /usr/bin/cmake --build /home/drwise/arduino_ws/build/arduino_cpp_examples -- -j12 -l12
[0.479s] Invoking command in '/home/drwise/arduino_ws/build/arduino_cpp_examples': CMAKE_PREFIX_PATH=${CMAKE_PREFIX_PATH}:/opt/ros/jazzy DEBUGINFOD_URLS=https://debuginfod.ubuntu.com /usr/bin/cmake --install /home/drwise/arduino_ws/build/arduino_cpp_examples
[0.520s] -- Install configuration: ""
[0.521s] -- Up-to-date: /home/drwise/arduino_ws/install/arduino_cpp_examples/lib/arduino_cpp_examples/simple_publisher
[0.522s] -- Up-to-date: /home/drwise/arduino_ws/install/arduino_cpp_examples/lib/arduino_cpp_examples/simple_subscriber
[0.522s] -- Up-to-date: /home/drwise/arduino_ws/install/arduino_cpp_examples/share/ament_index/resource_index/package_run_dependencies/arduino_cpp_examples
[0.522s] -- Up-to-date: /home/drwise/arduino_ws/install/arduino_cpp_examples/share/ament_index/resource_index/parent_prefix_path/arduino_cpp_examples
[0.522s] -- Up-to-date: /home/drwise/arduino_ws/install/arduino_cpp_examples/share/arduino_cpp_examples/environment/ament_prefix_path.sh
[0.523s] -- Up-to-date: /home/drwise/arduino_ws/install/arduino_cpp_examples/share/arduino_cpp_examples/environment/ament_prefix_path.dsv
[0.523s] -- Up-to-date: /home/drwise/arduino_ws/install/arduino_cpp_examples/share/arduino_cpp_examples/environment/path.sh
[0.523s] -- Up-to-date: /home/drwise/arduino_ws/install/arduino_cpp_examples/share/arduino_cpp_examples/environment/path.dsv
[0.523s] -- Up-to-date: /home/drwise/arduino_ws/install/arduino_cpp_examples/share/arduino_cpp_examples/local_setup.bash
[0.523s] -- Up-to-date: /home/drwise/arduino_ws/install/arduino_cpp_examples/share/arduino_cpp_examples/local_setup.sh
[0.523s] -- Up-to-date: /home/drwise/arduino_ws/install/arduino_cpp_examples/share/arduino_cpp_examples/local_setup.zsh
[0.524s] -- Up-to-date: /home/drwise/arduino_ws/install/arduino_cpp_examples/share/arduino_cpp_examples/local_setup.dsv
[0.525s] -- Installing: /home/drwise/arduino_ws/install/arduino_cpp_examples/share/arduino_cpp_examples/package.dsv
[0.526s] -- Up-to-date: /home/drwise/arduino_ws/install/arduino_cpp_examples/share/ament_index/resource_index/packages/arduino_cpp_examples
[0.527s] -- Up-to-date: /home/drwise/arduino_ws/install/arduino_cpp_examples/share/arduino_cpp_examples/cmake/arduino_cpp_examplesConfig.cmake
[0.528s] -- Up-to-date: /home/drwise/arduino_ws/install/arduino_cpp_examples/share/arduino_cpp_examples/cmake/arduino_cpp_examplesConfig-version.cmake
[0.528s] -- Up-to-date: /home/drwise/arduino_ws/install/arduino_cpp_examples/share/arduino_cpp_examples/package.xml
[0.588s] Invoked command in '/home/drwise/arduino_ws/build/arduino_cpp_examples' returned '0': CMAKE_PREFIX_PATH=${CMAKE_PREFIX_PATH}:/opt/ros/jazzy DEBUGINFOD_URLS=https://debuginfod.ubuntu.com /usr/bin/cmake --install /home/drwise/arduino_ws/build/arduino_cpp_examples
