[0.044s] Invoking command in '/home/drwise/arduino_ws/build/arduino_description': CMAKE_PREFIX_PATH=${CMAKE_PREFIX_PATH}:/opt/ros/jazzy DEBUGINFOD_URLS=https://debuginfod.ubuntu.com /usr/bin/cmake --build /home/drwise/arduino_ws/build/arduino_description -- -j12 -l12
[0.728s] Invoked command in '/home/drwise/arduino_ws/build/arduino_description' returned '0': CMAKE_PREFIX_PATH=${CMAKE_PREFIX_PATH}:/opt/ros/jazzy DEBUGINFOD_URLS=https://debuginfod.ubuntu.com /usr/bin/cmake --build /home/drwise/arduino_ws/build/arduino_description -- -j12 -l12
[0.763s] Invoking command in '/home/drwise/arduino_ws/build/arduino_description': CMAKE_PREFIX_PATH=${CMAKE_PREFIX_PATH}:/opt/ros/jazzy DEBUGINFOD_URLS=https://debuginfod.ubuntu.com /usr/bin/cmake --install /home/drwise/arduino_ws/build/arduino_description
[0.791s] -- Install configuration: ""
[0.793s] -- Up-to-date: /home/drwise/arduino_ws/install/arduino_description/share/arduino_description/meshes
[0.795s] -- Up-to-date: /home/drwise/arduino_ws/install/arduino_description/share/arduino_description/meshes/End Effector
[0.795s] -- Up-to-date: /home/drwise/arduino_ws/install/arduino_description/share/arduino_description/meshes/End Effector/Grip_base - Part 2.stl
[0.796s] -- Up-to-date: /home/drwise/arduino_ws/install/arduino_description/share/arduino_description/meshes/End Effector/Spacer small.stl
[0.796s] -- Up-to-date: /home/drwise/arduino_ws/install/arduino_description/share/arduino_description/meshes/End Effector/Grip_G2_Left.stl
[0.796s] -- Up-to-date: /home/drwise/arduino_ws/install/arduino_description/share/arduino_description/meshes/End Effector/Grip_Plate_2.stl
[0.797s] -- Up-to-date: /home/drwise/arduino_ws/install/arduino_description/share/arduino_description/meshes/End Effector/Gripper_ServoArm - Part 2.stl
[0.797s] -- Up-to-date: /home/drwise/arduino_ws/install/arduino_description/share/arduino_description/meshes/End Effector/Grip_base - Part 1.stl
[0.797s] -- Up-to-date: /home/drwise/arduino_ws/install/arduino_description/share/arduino_description/meshes/End Effector/Grip_Plate_1.stl
[0.797s] -- Up-to-date: /home/drwise/arduino_ws/install/arduino_description/share/arduino_description/meshes/End Effector/Grip_G2_Right.stl
[0.797s] -- Up-to-date: /home/drwise/arduino_ws/install/arduino_description/share/arduino_description/meshes/End Effector/Gripper_ServoArm - Part 1.stl
[0.797s] -- Up-to-date: /home/drwise/arduino_ws/install/arduino_description/share/arduino_description/meshes/arms
[0.797s] -- Up-to-date: /home/drwise/arduino_ws/install/arduino_description/share/arduino_description/meshes/arms/Arm_B2.stl
[0.798s] -- Up-to-date: /home/drwise/arduino_ws/install/arduino_description/share/arduino_description/meshes/arms/Arm_A2.stl
[0.798s] -- Up-to-date: /home/drwise/arduino_ws/install/arduino_description/share/arduino_description/meshes/arms/Arm_C3.stl
[0.798s] -- Up-to-date: /home/drwise/arduino_ws/install/arduino_description/share/arduino_description/meshes/arms/Arm_C2 Triangle.stl
[0.798s] -- Up-to-date: /home/drwise/arduino_ws/install/arduino_description/share/arduino_description/meshes/arms/Arm_A1.stl
[0.798s] -- Up-to-date: /home/drwise/arduino_ws/install/arduino_description/share/arduino_description/meshes/arms/Arm_B1.stl
[0.799s] -- Up-to-date: /home/drwise/arduino_ws/install/arduino_description/share/arduino_description/meshes/Base.STL
[0.799s] -- Up-to-date: /home/drwise/arduino_ws/install/arduino_description/share/arduino_description/meshes/base
[0.799s] -- Up-to-date: /home/drwise/arduino_ws/install/arduino_description/share/arduino_description/meshes/base/Base.stl
[0.799s] -- Up-to-date: /home/drwise/arduino_ws/install/arduino_description/share/arduino_description/meshes/base/Base_Hub.stl
[0.799s] -- Up-to-date: /home/drwise/arduino_ws/install/arduino_description/share/arduino_description/meshes/base/MountPlate_BasePlate.stl
[0.799s] -- Up-to-date: /home/drwise/arduino_ws/install/arduino_description/share/arduino_description/meshes/base/MountPlate_BaseCover.stl
[0.799s] -- Up-to-date: /home/drwise/arduino_ws/install/arduino_description/share/arduino_description/meshes/base/MountPlate_BaseClip.stl
[0.800s] -- Up-to-date: /home/drwise/arduino_ws/install/arduino_description/share/arduino_description/urdf
[0.800s] -- Up-to-date: /home/drwise/arduino_ws/install/arduino_description/share/arduino_description/urdf/arduino_urldf.xacro
[0.800s] -- Up-to-date: /home/drwise/arduino_ws/install/arduino_description/share/ament_index/resource_index/package_run_dependencies/arduino_description
[0.800s] -- Up-to-date: /home/drwise/arduino_ws/install/arduino_description/share/ament_index/resource_index/parent_prefix_path/arduino_description
[0.800s] -- Up-to-date: /home/drwise/arduino_ws/install/arduino_description/share/arduino_description/environment/ament_prefix_path.sh
[0.800s] -- Up-to-date: /home/drwise/arduino_ws/install/arduino_description/share/arduino_description/environment/ament_prefix_path.dsv
[0.800s] -- Up-to-date: /home/drwise/arduino_ws/install/arduino_description/share/arduino_description/environment/path.sh
[0.800s] -- Up-to-date: /home/drwise/arduino_ws/install/arduino_description/share/arduino_description/environment/path.dsv
[0.800s] -- Up-to-date: /home/drwise/arduino_ws/install/arduino_description/share/arduino_description/local_setup.bash
[0.800s] -- Up-to-date: /home/drwise/arduino_ws/install/arduino_description/share/arduino_description/local_setup.sh
[0.800s] -- Up-to-date: /home/drwise/arduino_ws/install/arduino_description/share/arduino_description/local_setup.zsh
[0.800s] -- Up-to-date: /home/drwise/arduino_ws/install/arduino_description/share/arduino_description/local_setup.dsv
[0.800s] -- Installing: /home/drwise/arduino_ws/install/arduino_description/share/arduino_description/package.dsv
[0.801s] -- Up-to-date: /home/drwise/arduino_ws/install/arduino_description/share/ament_index/resource_index/packages/arduino_description
[0.801s] -- Up-to-date: /home/drwise/arduino_ws/install/arduino_description/share/arduino_description/cmake/arduino_descriptionConfig.cmake
[0.801s] -- Up-to-date: /home/drwise/arduino_ws/install/arduino_description/share/arduino_description/cmake/arduino_descriptionConfig-version.cmake
[0.801s] -- Up-to-date: /home/drwise/arduino_ws/install/arduino_description/share/arduino_description/package.xml
[0.807s] Invoked command in '/home/drwise/arduino_ws/build/arduino_description' returned '0': CMAKE_PREFIX_PATH=${CMAKE_PREFIX_PATH}:/opt/ros/jazzy DEBUGINFOD_URLS=https://debuginfod.ubuntu.com /usr/bin/cmake --install /home/drwise/arduino_ws/build/arduino_description
