[0.038s] Invoking command in '/home/drwise/arduino_ws/build/arduino_cpp_examples': CMAKE_PREFIX_PATH=${CMAKE_PREFIX_PATH}:/opt/ros/jazzy DEBUGINFOD_URLS=https://debuginfod.ubuntu.com /usr/bin/cmake --build /home/drwise/arduino_ws/build/arduino_cpp_examples -- -j12 -l12
[0.123s] -- Found ament_cmake: 2.5.4 (/opt/ros/jazzy/share/ament_cmake/cmake)
[0.662s] -- Found rclcpp: 28.1.12 (/opt/ros/jazzy/share/rclcpp/cmake)
[0.736s] -- Found rosidl_generator_c: 4.6.6 (/opt/ros/jazzy/share/rosidl_generator_c/cmake)
[0.770s] -- Found rosidl_generator_cpp: 4.6.6 (/opt/ros/jazzy/share/rosidl_generator_cpp/cmake)
[0.816s] -- Using all available rosidl_typesupport_c: rosidl_typesupport_fastrtps_c;rosidl_typesupport_introspection_c
[0.862s] -- Using all available rosidl_typesupport_cpp: rosidl_typesupport_fastrtps_cpp;rosidl_typesupport_introspection_cpp
[1.054s] -- Found rmw_implementation_cmake: 7.3.2 (/opt/ros/jazzy/share/rmw_implementation_cmake/cmake)
[1.061s] -- Found rmw_fastrtps_cpp: 8.4.3 (/opt/ros/jazzy/share/rmw_fastrtps_cpp/cmake)
[1.218s] -- Using RMW implementation 'rmw_fastrtps_cpp' as default
[1.395s] -- Found std_msgs: 5.3.6 (/opt/ros/jazzy/share/std_msgs/cmake)
[1.438s] -- Found ament_lint_auto: 0.17.3 (/opt/ros/jazzy/share/ament_lint_auto/cmake)
[1.686s] -- Added test 'cppcheck' to perform static code analysis on C / C++ code
[1.686s] -- Configured cppcheck include dirs: 
[1.687s] -- Configured cppcheck exclude dirs and/or files: 
[1.690s] -- Added test 'lint_cmake' to check CMake code style
[1.692s] -- Added test 'uncrustify' to check C / C++ code style
[1.693s] -- Configured uncrustify additional arguments: 
[1.693s] -- Added test 'xmllint' to check XML markup files
[1.695s] -- Configuring done (1.6s)
[1.745s] -- Generating done (0.0s)
[1.763s] -- Build files have been written to: /home/drwise/arduino_ws/build/arduino_cpp_examples
[1.844s] [ 16%] [32mBuilding CXX object CMakeFiles/simple_param.dir/src/simple_param.cpp.o[0m
[1.867s] [ 50%] Built target simple_subscriber
[1.883s] [ 83%] Built target simple_publisher
[5.050s] [01m[K/home/drwise/arduino_ws/src/arduino_cpp_examples/src/simple_param.cpp:[m[K In constructor ‘[01m[KSimpleParam::[01;32m[KSimpleParam[m[K()[m[K’:
[5.050s] [01m[K/home/drwise/arduino_ws/src/arduino_cpp_examples/src/simple_param.cpp:15:54:[m[K [01;31m[Kerror: [m[Kinvalid use of non-static member function ‘[01m[Krcl_interfaces::msg::SetParametersResult SimpleParam::[01;32m[KparamChangeCallback[m[K(const std::vector<rclcpp::Parameter>&)[m[K’
[5.050s]    15 |             add_on_set_parameters_callback(std::bind([01;31m[KparamChangeCallback[m[K, this, _1));
[5.051s]       |                                                      [01;31m[K^~~~~~~~~~~~~~~~~~~[m[K
[5.051s] [01m[K/home/drwise/arduino_ws/src/arduino_cpp_examples/src/simple_param.cpp:21:50:[m[K [01;36m[Knote: [m[Kdeclared here
[5.051s]    21 |         rcl_interfaces::msg::SetParametersResult [01;36m[KparamChangeCallback[m[K(const std::vector<rclcpp::Parameter> &params){
[5.052s]       |                                                  [01;36m[K^~~~~~~~~~~~~~~~~~~[m[K
[5.930s] gmake[2]: *** [CMakeFiles/simple_param.dir/build.make:76: CMakeFiles/simple_param.dir/src/simple_param.cpp.o] Error 1
[5.930s] gmake[1]: *** [CMakeFiles/Makefile2:193: CMakeFiles/simple_param.dir/all] Error 2
[5.931s] gmake: *** [Makefile:146: all] Error 2
[5.934s] Invoked command in '/home/drwise/arduino_ws/build/arduino_cpp_examples' returned '2': CMAKE_PREFIX_PATH=${CMAKE_PREFIX_PATH}:/opt/ros/jazzy DEBUGINFOD_URLS=https://debuginfod.ubuntu.com /usr/bin/cmake --build /home/drwise/arduino_ws/build/arduino_cpp_examples -- -j12 -l12
